
type: TIME_SERIES_VALUES
results:
  {{- contains .results }}
  - metric:
      labels: []
    values:
      {{- contains .values }}
      - id: {{ notEmpty .id }}
        value: {{ .value }}
        traceid: null
      - id: {{ notEmpty .id }}
        value: null
        traceid: null
      {{- end}}
  {{- end}}
error: null
