# Licensed to the Apache Software Foundation (ASF) under one or more
# contributor license agreements.  See the NOTICE file distributed with
# this work for additional information regarding copyright ownership.
# The ASF licenses this file to You under the Apache License, Version 2.0
# (the "License"); you may not use this file except in compliance with
# the License.  You may obtain a copy of the License at
#
#     http://www.apache.org/licenses/LICENSE-2.0
#
# Unless required by applicable law or agreed to in writing, software
# distributed under the License is distributed on an "AS IS" BASIS,
# WITHOUT WARRANTIES OR CONDITIONS OF ANY KIND, either express or implied.
# See the License for the specific language governing permissions and
# limitations under the License.

nodes:
{{- range .nodes }}
{{- if eq .name "User_Service_Instance_Name" }}
- id: {{ b64enc "User_Service_Name" }}.1_{{ b64enc "User_Service_Instance_Name" }}
  name: User_Service_Instance_Name
  serviceid: {{ b64enc "User_Service_Name" }}.1
  servicename: User_Service_Name
  type: Nginx
  isreal: true
{{- end }}
{{- if eq .name "provider1" }}
- id: {{ b64enc "e2e-service-entry-provider" }}.1_{{ b64enc "provider1" }}
  name: provider1
  serviceid: {{ b64enc "e2e-service-entry-provider" }}.1
  servicename: e2e-service-entry-provider
  type: ""
  isreal: true
{{- end }}
{{- end }}
calls:
{{- range .calls }}
{{- if eq .source "ZTJlLXNlcnZpY2UtZW50cnktcHJvdmlkZXI=.1_cHJvdmlkZXIx" }}
- source: {{ b64enc "e2e-service-entry-provider" }}.1_{{ b64enc "provider1" }}
  sourcecomponents: []
  target: {{ b64enc "User_Service_Name" }}.1_{{ b64enc "User_Service_Instance_Name" }}
  targetcomponents: []
  id: {{ b64enc "e2e-service-entry-provider" }}.1_{{ b64enc "provider1" }}-{{ b64enc "User_Service_Name" }}.1_{{ b64enc "User_Service_Instance_Name" }}
  detectpoints:
    - CLIENT
    - SERVER
{{- end }}
{{- end }}
