# Licensed to the Apache Software Foundation (ASF) under one or more
# contributor license agreements.  See the NOTICE file distributed with
# this work for additional information regarding copyright ownership.
# The ASF licenses this file to You under the Apache License, Version 2.0
# (the "License"); you may not use this file except in compliance with
# the License.  You may obtain a copy of the License at
#
#     http://www.apache.org/licenses/LICENSE-2.0
#
# Unless required by applicable law or agreed to in writing, software
# distributed under the License is distributed on an "AS IS" BASIS,
# WITHOUT WARRANTIES OR CONDITIONS OF ANY KIND, either express or implied.
# See the License for the specific language governing permissions and
# limitations under the License.

{{- range .}}
{{- if eq .name "POST:/nginx/entry/info" }}
- id: {{ b64enc "e2e-service-entry-provider" }}.1_{{ b64enc "POST:/nginx/entry/info" }}
  name: POST:/nginx/entry/info
{{- end}}
{{- if eq .name "POST:/nginx/end/info" }}
- id: {{ b64enc "e2e-service-end-provider" }}.1_{{ b64enc "POST:/nginx/end/info" }}
  name: POST:/nginx/end/info
{{- end}}
{{- if eq .name "/nginx/info" }}
- id: {{ b64enc "User_Service_Name" }}.1_{{ b64enc "/nginx/info" }}
  name: /nginx/info
{{- end}}
{{- end}}